HI-TECH Software C Compiler 

Linker command line:

--edf=C:\Program Files (x86)\HI-TECH Software\PICC\9.83\dat\en_msgs.txt -cs \
  -h+dist/default/production\TU_DataLogger.X.production.sym -z -Q16F690 \
  -ol.obj -Mdist/default/production/TU_DataLogger.X.production.map -E1 \
  -ACONST=00h-0FFhx16 -ACODE=00h-07FFhx2 -ASTRCODE=00h-0FFFh \
  -AENTRY=00h-0FFhx16 -ASTRING=00h-0FFhx16 -ABANK0=020h-06Fh \
  -ABANK1=0A0h-0EFh -ABANK2=0120h-016Fh \
  -ARAM=020h-06Fh,0A0h-0EFh,0120h-016Fh \
  -AABS1=020h-07Fh,0A0h-0EFh,0120h-016Fh -ACOMMON=070h-07Fh -ASFR0=00h-01Fh \
  -ASFR1=080h-09Fh -ASFR2=0100h-011Fh -ASFR3=0180h-01EFh \
  -preset_vec=00h,intentry=04h,init,end_init -ppowerup=CODE -pfunctab=CODE \
  -ACONFIG=02007h-02007h -pconfig=CONFIG -DCONFIG=2 -AIDLOC=02000h-02003h \
  -pidloc=IDLOC -DIDLOC=2 -AEEDATA=00h-0FFh/02100h -peeprom_data=EEDATA \
  -DEEDATA=2 -DCODE=2 -DSTRCODE=2 -DSTRING=2 -DCONST=2 -DENTRY=2 -k \
  C:\Users\Paulo\AppData\Local\Temp\s6no.obj \
  dist/default/production\TU_DataLogger.X.production.obj 

Object code version is 3.10

Machine type is 16F690



                Name                               Link     Load   Length Selector   Space Scale
C:\Users\Paulo\AppData\Local\Temp\s6no.obj
                end_init                              D        D        2        8       0
                reset_vec                             0        0        2        0       0
dist/default/production\TU_DataLogger.X.production.obj
                intentry                              4        4        9        8       0
                config                             2007     2007        1     400E       0
                text1035                            E80      E80       94     1D00       0
                text1034                            C97      C97       15     192E       0
                text1032                            C83      C83       14     1906       0
                text1030                            C77      C77        4     18EE       0
                text1028                            CC1      CC1       16     1982       0
                text1027                            CD7      CD7       1D     19AE       0
                text1026                            D50      D50       2B     1AA0       0
                text1025                            CF4      CF4       1D     19E8       0
                text1019                            DAA      DAA       35     1B54       0
                text1018                            D2F      D2F       21     1A5E       0
                text1017                            D11      D11       1E     1A22       0
                text1016                            CAC      CAC       15     1958       0
                text1015                            DDF      DDF       3A     1BBE       0
                text1005                            E19      E19       67     1C32       0
                text1001                              F        F      7F1        8       0
                swtext1                             83F      83F       14     107E       0
                maintext                            F14      F14       EC     1E28       0
                cstackBANK0                          20       20       30       20       1
                cstackCOMMON                         70       70        A       70       1
                clrtext                             C7B      C7B        8     18F6       0
                bssBANK2                            120      120       4F      120       1
                bssBANK1                             A0       A0       46       A0       1
                dataBANK0                            50       50        C       20       1
                bssBANK0                             5C       5C        B       20       1
                bssCOMMON                            7B       7B        3       70       1
                bitbssCOMMON                        3D0       7A        6       70       1     8
                cinit                               D7B      D7B       2F     1AF6       0
                strings                             800      800       3F     1000       0

TOTAL           Name                               Link     Load   Length     Space
        CLASS   CONST          
                swtext1                             83F      83F       14         0

        CLASS   CODE           
                end_init                              D        D        2         0
                intentry                              4        4        9         0
                reset_vec                             0        0        2         0
                text1035                            E80      E80       94         0
                text1034                            C97      C97       15         0
                text1032                            C83      C83       14         0
                text1030                            C77      C77        4         0
                text1028                            CC1      CC1       16         0
                text1027                            CD7      CD7       1D         0
                text1026                            D50      D50       2B         0
                text1025                            CF4      CF4       1D         0
                text1019                            DAA      DAA       35         0
                text1018                            D2F      D2F       21         0
                text1017                            D11      D11       1E         0
                text1016                            CAC      CAC       15         0
                text1015                            DDF      DDF       3A         0
                text1005                            E19      E19       67         0
                text1001                              F        F      7F1         0
                maintext                            F14      F14       EC         0
                clrtext                             C7B      C7B        8         0
                cinit                               D7B      D7B       2F         0

        CLASS   STRCODE        

        CLASS   ENTRY          

        CLASS   STRING         
                strings                             800      800       3F         0

        CLASS   BANK0          
                cstackBANK0                          20       20       30         1
                dataBANK0                            50       50        C         1
                bssBANK0                             5C       5C        B         1

        CLASS   BANK1          
                bssBANK1                             A0       A0       46         1

        CLASS   BANK2          
                bssBANK2                            120      120       4F         1

        CLASS   RAM            

        CLASS   ABS1           
                abs_s1                               7E       7E        2         1

        CLASS   COMMON         
                cstackCOMMON                         70       70        A         1
                bssCOMMON                            7B       7B        3         1
                bitbssCOMMON                        3D0       7A        6         1

        CLASS   SFR0           

        CLASS   SFR1           

        CLASS   SFR2           

        CLASS   SFR3           

        CLASS   CONFIG         
                config                             2007     2007        1         0

        CLASS   IDLOC          

        CLASS   EEDATA         

        CLASS   BANK3          



SEGMENTS        Name                           Load    Length   Top    Selector   Space  Class     Delta

                reset_vec                      000000  000002  000002         0       0  CODE        2
                intentry                       000004  0007FC  000800         8       0  CODE        2
                cstackBANK0                    000020  000047  000067        20       1  BANK0       1
                cstackCOMMON                   000070  00000E  00007E        70       1  COMMON      1
                bssBANK1                       0000A0  000046  0000E6        A0       1  BANK1       1
                bssBANK2                       000120  00004F  00016F       120       1  BANK2       1
                strings                        000800  00003F  00083F      1000       0  STRING      2
                swtext1                        00083F  000014  000853      107E       0  CONST       2
                text1030                       000C77  000004  000C7B      18EE       0  CODE        2
                clrtext                        000C7B  000008  000C83      18F6       0  CODE        2
                text1032                       000C83  000014  000C97      1906       0  CODE        2
                text1034                       000C97  000015  000CAC      192E       0  CODE        2
                text1016                       000CAC  000015  000CC1      1958       0  CODE        2
                text1028                       000CC1  000016  000CD7      1982       0  CODE        2
                text1027                       000CD7  00001D  000CF4      19AE       0  CODE        2
                text1025                       000CF4  00001D  000D11      19E8       0  CODE        2
                text1017                       000D11  00001E  000D2F      1A22       0  CODE        2
                text1018                       000D2F  000021  000D50      1A5E       0  CODE        2
                text1026                       000D50  00002B  000D7B      1AA0       0  CODE        2
                cinit                          000D7B  00002F  000DAA      1AF6       0  CODE        2
                text1019                       000DAA  000035  000DDF      1B54       0  CODE        2
                text1015                       000DDF  00003A  000E19      1BBE       0  CODE        2
                text1005                       000E19  000067  000E80      1C32       0  CODE        2
                text1035                       000E80  000094  000F14      1D00       0  CODE        2
                maintext                       000F14  0000EC  001000      1E28       0  CODE        2
                config                         002007  000001  002008      400E       0  CONFIG      2


UNUSED ADDRESS RANGES

        Name                Unused          Largest block    Delta
        BANK0            0067-006F              9           1
        BANK1            00E6-00EF              A           1
        BANK2            016F-016F              1           1
        CODE             0002-0003              2           2
                         0853-0C76            424
        CONST            0002-0003              2           2
                         0853-0C76            100
        EEDATA           2100-21FF            100           2
        ENTRY            0002-0003              2           2
                         0853-0C76            100
        IDLOC            2000-2003              4           2
        RAM              0067-006F              9           1
                         00E6-00EF              A
                         016F-016F              1
        SFR0             0000-001F             20           1
        SFR1             0080-009F             20           1
        SFR2             0100-011F             20           1
        SFR3             0180-01EF             70           1
        STRCODE          0002-0003              2           2
                         0853-0C76            424
        STRING           0002-0003              2           2
                         0853-0C76            100

                                  Symbol Table

??_UART_get_char                    cstackCOMMON 0070
??_UART_send_String                 cstackBANK0  0024
??_UART_send_char                   cstackBANK0  0020
??___lldiv                          cstackBANK0  0028
??___llmod                          cstackBANK0  0035
??___lmul                           cstackBANK0  0028
??___wmul                           cstackBANK0  0024
??_bufferCreator2                   cstackCOMMON 0076
??_checksumCalc                     cstackBANK0  0021
??_checksumVerify                   cstackBANK0  0020
??_comandoRx                        cstackBANK0  002C
??_eepromReadByte                   cstackBANK0  0028
??_eepromReadLog                    cstackBANK0  0029
??_eepromReadLogPage                cstackBANK0  0029
??_eepromWriteByte                  cstackBANK0  0029
??_getClockCmd                      cstackBANK0  0026
??_getTimerCmd                      cstackBANK0  0026
??_halfclockdelay                   cstackBANK0  0020
??_i2cAck                           cstackBANK0  0023
??_i2cInitialize                    cstackBANK0  0024
??_i2cNack                          cstackBANK0  0023
??_i2cRead                          cstackBANK0  0023
??_i2cRestart                       cstackBANK0  0023
??_i2cStart                         cstackBANK0  0023
??_i2cStop                          cstackBANK0  0023
??_i2cWrite                         cstackBANK0  0023
??_initAht10                        cstackBANK0  0026
??_initGPIO                         cstackBANK0  0020
??_initInterrupt                    cstackBANK0  0020
??_initUART                         cstackBANK0  0020
??_initVars                         cstackBANK0  0029
??_isr                              cstackCOMMON 0077
??_jdyConfig                        cstackBANK0  0025
??_logSave                          cstackBANK0  0045
??_main                             cstackBANK0  004D
??_memcpy                           cstackBANK0  0023
??_memset                           cstackBANK0  0024
??_readLogStatus                    cstackBANK0  0026
??_readTemp                         cstackBANK0  0036
??_resposta                         cstackBANK0  0021
??_scl_out                          cstackBANK0  0022
??_sda_out                          cstackBANK0  0022
??_sendTriggerMeasurementCmd        cstackBANK0  0026
??_setTimerCmd                      cstackBANK0  0026
??_startLogCmd                      cstackBANK0  0029
??_stopLogCmd                       cstackBANK0  0026
??i1_memset                         cstackCOMMON 0074
?_UART_get_char                     cstackCOMMON 0070
?_UART_send_String                  cstackBANK0  0021
?_UART_send_char                    cstackCOMMON 0070
?___lldiv                           cstackBANK0  0020
?___llmod                           cstackBANK0  002D
?___lmul                            cstackBANK0  0020
?___wmul                            cstackBANK0  0020
?_bufferCreator2                    cstackCOMMON 0070
?_checksumCalc                      cstackBANK0  0020
?_checksumVerify                    cstackCOMMON 0070
?_comandoRx                         cstackCOMMON 0070
?_eepromReadByte                    cstackBANK0  0026
?_eepromReadLog                     cstackBANK0  0026
?_eepromReadLogPage                 cstackBANK0  0026
?_eepromWriteByte                   cstackBANK0  0026
?_getClockCmd                       cstackCOMMON 0070
?_getTimerCmd                       cstackCOMMON 0070
?_halfclockdelay                    cstackCOMMON 0070
?_i2cAck                            cstackCOMMON 0070
?_i2cInitialize                     cstackBANK0  0020
?_i2cNack                           cstackCOMMON 0070
?_i2cRead                           cstackCOMMON 0070
?_i2cRestart                        cstackCOMMON 0070
?_i2cStart                          cstackCOMMON 0070
?_i2cStop                           cstackCOMMON 0070
?_i2cWrite                          cstackCOMMON 0070
?_initAht10                         cstackCOMMON 0070
?_initGPIO                          cstackCOMMON 0070
?_initInterrupt                     cstackCOMMON 0070
?_initUART                          cstackCOMMON 0070
?_initVars                          cstackCOMMON 0070
?_isr                               cstackCOMMON 0070
?_jdyConfig                         cstackCOMMON 0070
?_logSave                           cstackCOMMON 0070
?_main                              cstackBANK0  0049
?_memcpy                            cstackBANK0  0020
?_memset                            cstackBANK0  0020
?_readLogStatus                     cstackCOMMON 0070
?_readTemp                          cstackCOMMON 0070
?_resposta                          cstackCOMMON 0070
?_scl_out                           cstackCOMMON 0070
?_sda_out                           cstackCOMMON 0070
?_sendTriggerMeasurementCmd         cstackCOMMON 0070
?_setTimerCmd                       cstackCOMMON 0070
?_startLogCmd                       cstackCOMMON 0070
?_stopLogCmd                        cstackCOMMON 0070
?i1_memset                          cstackCOMMON 0070
UART_send_String@ch                 cstackBANK0  0021
UART_send_String@i                  cstackBANK0  0024
UART_send_String@lenth              cstackBANK0  0023
UART_send_char@ch                   cstackBANK0  0020
_ANSEL                              (abs)        011E
_ANSELH                             (abs)        011F
_BRG16                              (abs)        04DB
_BRGH                               (abs)        04C2
_CREN                               (abs)        00C4
_GIE                                (abs)        005F
_INTE                               (abs)        005C
_INTEDG                             (abs)        040E
_INTF                               (abs)        0059
_OERR                               (abs)        00C1
_PEIE                               (abs)        005E
_PORTA                              (abs)        0005
_PORTB                              (abs)        0006
_PORTC                              (abs)        0007
_PS0                                (abs)        0408
_PS1                                (abs)        0409
_PS2                                (abs)        040A
_PSA                                (abs)        040B
_RB4                                (abs)        0034
_RB6                                (abs)        0036
_RC0                                (abs)        0038
_RC1                                (abs)        0039
_RC4                                (abs)        003C
_RCIE                               (abs)        0465
_RCIF                               (abs)        0065
_RCREG                              (abs)        001A
_RX9                                (abs)        00C6
_SPBRG                              (abs)        0099
_SPBRGH                             (abs)        009A
_SPEN                               (abs)        00C7
_SYNC                               (abs)        04C4
_T0CS                               (abs)        040D
_T0IE                               (abs)        005D
_T0IF                               (abs)        005A
_T1CKPS0                            (abs)        0084
_T1CKPS1                            (abs)        0085
_T1OSCEN                            (abs)        0083
_TMR0                               (abs)        0001
_TMR1CS                             (abs)        0081
_TMR1H                              (abs)        000F
_TMR1IE                             (abs)        0460
_TMR1IF                             (abs)        0060
_TMR1L                              (abs)        000E
_TMR1ON                             (abs)        0080
_TRISA                              (abs)        0085
_TRISB                              (abs)        0086
_TRISB4                             (abs)        0434
_TRISB5                             (abs)        0435
_TRISB6                             (abs)        0436
_TRISB7                             (abs)        0437
_TRISC                              (abs)        0087
_TX9                                (abs)        04C6
_TXEN                               (abs)        04C5
_TXIF                               (abs)        0064
_TXREG                              (abs)        0019
_UART_get_char                      text1035     0EDF
_UART_send_String                   text1005     0E66
_UART_send_char                     text1001     074D
__Habs1                             abs1         0000
__Hbank0                            bank0        0000
__Hbank1                            bank1        0000
__Hbank2                            bank2        0000
__Hbank3                            bank3        0000
__HbitbssCOMMON                     bitbssCOMMON 0000
__HbssBANK0                         bssBANK0     0000
__HbssBANK1                         bssBANK1     0000
__HbssBANK2                         bssBANK2     0000
__HbssCOMMON                        bssCOMMON    0000
__Hcinit                            cinit        0000
__Hclrtext                          clrtext      0000
__Hcode                             code         0000
__Hcommon                           common       0000
__Hconfig                           config       2008
__HcstackBANK0                      cstackBANK0  0000
__HcstackCOMMON                     cstackCOMMON 0000
__HdataBANK0                        dataBANK0    0000
__Heeprom_data                      eeprom_data  0000
__Hend_init                         end_init     000F
__Hfunctab                          functab      0000
__HidataBANK0                       idataBANK0   0000
__Hidloc                            idloc        0000
__Hinit                             init         000D
__Hintentry                         intentry     000D
__Hmaintext                         maintext     0000
__Hpa_nodes                         pa_nodes     0000
__Hpowerup                          powerup      0000
__Hram                              ram          0000
__Hreset_vec                        reset_vec    0002
__Hsfr0                             sfr0         0000
__Hsfr1                             sfr1         0000
__Hsfr2                             sfr2         0000
__Hsfr3                             sfr3         0000
__Hstrings                          strings      0000
__Htext                             text         0000
__Labs1                             abs1         0000
__Lbank0                            bank0        0000
__Lbank1                            bank1        0000
__Lbank2                            bank2        0000
__Lbank3                            bank3        0000
__LbitbssCOMMON                     bitbssCOMMON 0000
__LbssBANK0                         bssBANK0     0000
__LbssBANK1                         bssBANK1     0000
__LbssBANK2                         bssBANK2     0000
__LbssCOMMON                        bssCOMMON    0000
__Lcinit                            cinit        0000
__Lclrtext                          clrtext      0000
__Lcode                             code         0000
__Lcommon                           common       0000
__Lconfig                           config       2007
__LcstackBANK0                      cstackBANK0  0000
__LcstackCOMMON                     cstackCOMMON 0000
__LdataBANK0                        dataBANK0    0000
__Leeprom_data                      eeprom_data  0000
__Lend_init                         end_init     000D
__Lfunctab                          functab      0000
__LidataBANK0                       idataBANK0   0000
__Lidloc                            idloc        0000
__Linit                             init         000D
__Lintentry                         intentry     0004
__Lmaintext                         maintext     0000
__Lpa_nodes                         pa_nodes     0000
__Lpowerup                          powerup      0000
__Lram                              ram          0000
__Lreset_vec                        reset_vec    0000
__Lsfr0                             sfr0         0000
__Lsfr1                             sfr1         0000
__Lsfr2                             sfr2         0000
__Lsfr3                             sfr3         0000
__Lstrings                          strings      0000
__Ltext                             text         0000
__S0                                (abs)        2008
__S1                                (abs)        016F
__S2                                (abs)        0000
___lldiv                            text1001     06A0
___lldiv@counter                    cstackBANK0  002C
___lldiv@dividend                   cstackBANK0  0024
___lldiv@divisor                    cstackBANK0  0020
___lldiv@quotient                   cstackBANK0  0028
___llmod                            text1001     0778
___llmod@counter                    cstackBANK0  0035
___llmod@dividend                   cstackBANK0  0031
___llmod@divisor                    cstackBANK0  002D
___lmul                             text1001     07C6
___lmul@multiplicand                cstackBANK0  0024
___lmul@multiplier                  cstackBANK0  0020
___lmul@product                     cstackBANK0  0028
___wmul                             text1001     038A
___wmul@multiplicand                cstackBANK0  0022
___wmul@multiplier                  cstackBANK0  0020
___wmul@product                     cstackBANK0  0024
__end_of_UART_get_char              text1035     0EE5
__end_of_UART_send_String           text1005     0E7A
__end_of_UART_send_char             text1001     0757
__end_of___lldiv                    text1001     06E8
__end_of___llmod                    text1001     07B6
__end_of___lmul                     text1001     07F9
__end_of___wmul                     text1001     03A3
__end_of_bufferCreator2             text1035     0F14
__end_of_checksumCalc               text1001     0778
__end_of_checksumVerify             text1026     0D7B
__end_of_comandoRx                  text1001     01FF
__end_of_eepromReadByte             text1001     047B
__end_of_eepromReadLog              text1001     04E0
__end_of_eepromReadLogPage          text1001     04B7
__end_of_eepromWriteByte            text1001     038A
__end_of_getClockCmd                text1019     0DDF
__end_of_getTimerCmd                text1017     0D2F
__end_of_halfclockdelay             text1001     0800
__end_of_i2cAck                     text1001     06F3
__end_of_i2cInitialize              text1030     0C7B
__end_of_i2cNack                    text1001     072F
__end_of_i2cRead                    text1001     06A0
__end_of_i2cRestart                 text1001     07FA
__end_of_i2cStart                   text1001     0745
__end_of_i2cStop                    text1001     074D
__end_of_i2cWrite                   text1001     0715
__end_of_initAht10                  text1001     002D
__end_of_initGPIO                   text1028     0CD7
__end_of_initInterrupt              text1027     0CF4
__end_of_initUART                   text1034     0CAC
__end_of_initVars                   text1001     0463
__end_of_isr                        text1035     0EDF
__end_of_jdyConfig                  text1005     0E66
__end_of_logSave                    text1001     0284
__end_of_main                       maintext     1000
__end_of_memcpy                     text1025     0D11
__end_of_memset                     text1032     0C97
__end_of_readLogStatus              text1015     0E19
__end_of_readTemp                   text1001     068B
__end_of_resposta                   text1001     07C6
__end_of_scl_out                    text1001     0724
__end_of_sda_out                    text1001     073A
__end_of_sendTriggerMeasurementCmd  text1001     001E
__end_of_setTimerCmd                text1018     0D50
__end_of_startLogCmd                text1001     037B
__end_of_stopLogCmd                 text1016     0CC1
__end_ofi1_memset                   text1035     0EF9
__pbitbssCOMMON                     bitbssCOMMON 03D0
__pbssBANK0                         bssBANK0     005C
__pbssBANK1                         bssBANK1     00A0
__pbssBANK2                         bssBANK2     0120
__pbssCOMMON                        bssCOMMON    007B
__pcstackBANK0                      cstackBANK0  0020
__pcstackCOMMON                     cstackCOMMON 0070
__pdataBANK0                        dataBANK0    0050
__pidataBANK0                       idataBANK0   0000
__pintentry                         intentry     0004
__pmaintext                         maintext     0F14
__pstrings                          strings      0800
__pswtext1                          swtext1      083F
__ptext1000                         text1001     04E0
__ptext1001                         text1001     000F
__ptext1002                         text1001     001E
__ptext1003                         text1001     07F9
__ptext1004                         text1001     037B
__ptext1005                         text1005     0E19
__ptext1006                         text1001     0724
__ptext1007                         text1001     06E8
__ptext1008                         text1001     068B
__ptext1009                         text1001     06F3
__ptext1010                         text1001     0745
__ptext1011                         text1001     073A
__ptext1012                         text1001     07B6
__ptext1013                         text1001     072F
__ptext1014                         text1001     0715
__ptext1015                         text1015     0DDF
__ptext1016                         text1016     0CAC
__ptext1017                         text1017     0D11
__ptext1018                         text1018     0D2F
__ptext1019                         text1019     0DAA
__ptext1020                         text1005     0E66
__ptext1021                         text1001     06A0
__ptext1022                         text1001     0778
__ptext1023                         text1001     07C6
__ptext1024                         text1001     038A
__ptext1025                         text1025     0CF4
__ptext1026                         text1026     0D50
__ptext1027                         text1027     0CD7
__ptext1028                         text1028     0CC1
__ptext1029                         text1001     07FA
__ptext1030                         text1030     0C77
__ptext1031                         text1001     0757
__ptext1032                         text1032     0C83
__ptext1033                         text1001     074D
__ptext1034                         text1034     0C97
__ptext1035                         text1035     0E80
__ptext1036                         text1035     0EF9
__ptext1037                         text1035     0EE5
__ptext1038                         text1035     0EDF
__ptext1039                         text1039     0000
__ptext993                          text1001     002D
__ptext994                          text1001     03A3
__ptext995                          text1001     01FF
__ptext996                          text1001     047B
__ptext997                          text1001     0463
__ptext998                          text1001     04B7
__ptext999                          text1001     0284
__size_of_UART_get_char             (abs)        0000
__size_of_UART_send_String          (abs)        0000
__size_of_UART_send_char            (abs)        0000
__size_of___lldiv                   (abs)        0000
__size_of___llmod                   (abs)        0000
__size_of___lmul                    (abs)        0000
__size_of___wmul                    (abs)        0000
__size_of_bufferCreator2            (abs)        0000
__size_of_checksumCalc              (abs)        0000
__size_of_checksumVerify            (abs)        0000
__size_of_comandoRx                 (abs)        0000
__size_of_eepromReadByte            (abs)        0000
__size_of_eepromReadLog             (abs)        0000
__size_of_eepromReadLogPage         (abs)        0000
__size_of_eepromWriteByte           (abs)        0000
__size_of_getClockCmd               (abs)        0000
__size_of_getTimerCmd               (abs)        0000
__size_of_halfclockdelay            (abs)        0000
__size_of_i2cAck                    (abs)        0000
__size_of_i2cInitialize             (abs)        0000
__size_of_i2cNack                   (abs)        0000
__size_of_i2cRead                   (abs)        0000
__size_of_i2cRestart                (abs)        0000
__size_of_i2cStart                  (abs)        0000
__size_of_i2cStop                   (abs)        0000
__size_of_i2cWrite                  (abs)        0000
__size_of_initAht10                 (abs)        0000
__size_of_initGPIO                  (abs)        0000
__size_of_initInterrupt             (abs)        0000
__size_of_initUART                  (abs)        0000
__size_of_initVars                  (abs)        0000
__size_of_isr                       (abs)        0000
__size_of_jdyConfig                 (abs)        0000
__size_of_logSave                   (abs)        0000
__size_of_main                      (abs)        0000
__size_of_memcpy                    (abs)        0000
__size_of_memset                    (abs)        0000
__size_of_readLogStatus             (abs)        0000
__size_of_readTemp                  (abs)        0000
__size_of_resposta                  (abs)        0000
__size_of_scl_out                   (abs)        0000
__size_of_sda_out                   (abs)        0000
__size_of_sendTriggerMeasurementCmd (abs)        0000
__size_of_setTimerCmd               (abs)        0000
__size_of_startLogCmd               (abs)        0000
__size_of_stopLogCmd                (abs)        0000
__size_ofi1_memset                  (abs)        0000
_bufferCreator2                     text1035     0EF9
_bufferTx                           bssBANK1     00A0
_bufferTxLen                        bssBANK0     0060
_checksumCalc                       text1001     0757
_checksumVerify                     text1026     0D50
_cmd                                bssBANK1     00C8
_comandoRx                          text1001     002D
_contTimer                          bssBANK0     005C
_dataRX                             bssBANK0     0061
_deviceName                         bssBANK2     015C
_eepromReadByte                     text1001     0463
_eepromReadLog                      text1001     04B7
_eepromReadLogPage                  text1001     047B
_eepromWriteByte                    text1001     037B
_exit                               init         000D
_flagChangeName                     bitbssCOMMON 03D0
_flagConection                      bitbssCOMMON 03D1
_flagRespostaBLE                    bitbssCOMMON 03D2
_flagRxBufferOk                     bitbssCOMMON 03D3
_flagTryConnect                     bitbssCOMMON 03D4
_getClockCmd                        text1019     0DAA
_getTimerCmd                        text1017     0D11
_halfclockdelay                     text1001     07FA
_i2cAck                             text1001     06E8
_i2cInitialize                      text1030     0C77
_i2cNack                            text1001     0724
_i2cRead                            text1001     068B
_i2cRestart                         text1001     07F9
_i2cStart                           text1001     073A
_i2cStop                            text1001     0745
_i2cWrite                           text1001     06F3
_initAht10                          text1001     001E
_initGPIO                           text1028     0CC1
_initInterrupt                      text1027     0CD7
_initUART                           text1034     0C97
_initVars                           text1001     03A3
_isr                                text1035     0E80
_jdyConfig                          text1005     0E19
_logSave                            text1001     01FF
_logStatus                          bitbssCOMMON 03D5
_main                               maintext     0F14
_memcpy                             text1025     0CF4
_memset                             text1032     0C83
_nT1SYNC                            (abs)        0082
_newTimer                           dataBANK0    0058
_numOfLogs                          bssBANK0     005E
_readDataBuffer                     bssBANK2     0120
_readLogStatus                      text1015     0DDF
_readTemp                           text1001     04E0
_readTemperature                    bssBANK0     0062
_readTemperatureDec                 bssBANK0     0063
_readUmidity                        bssBANK0     0064
_resposta                           text1001     07B6
_rxBuffer                           bssBANK2     013E
_rxBufferLength                     bssCOMMON    007B
_rxBufferPos                        bssCOMMON    007C
_scl_out                            text1001     0715
_sda_out                            text1001     072F
_sendTriggerMeasurementCmd          text1001     000F
_serialTimeOut                      bssCOMMON    007D
_setTimerCmd                        text1018     0D2F
_startLogCmd                        text1001     0284
_startTime                          dataBANK0    0050
_stopLogCmd                         text1016     0CAC
_timeBlinkLed                       bssBANK0     0065
_timeNow                            dataBANK0    0054
_timeToConnect                      bssBANK0     0066
_timer                              dataBANK0    005A
btemp                               (abs)        007E
bufferCreator2@ch                   cstackCOMMON 0076
checksumCalc@buffer                 cstackBANK0  0023
checksumCalc@chk                    cstackBANK0  0024
checksumCalc@i                      cstackBANK0  0025
checksumCalc@len                    cstackBANK0  0020
checksumVerify@checksum             cstackBANK0  0022
checksumVerify@i                    cstackBANK0  0024
checksumVerify@len                  cstackBANK0  0023
clear_ram                           clrtext      0C7B
comandoRx@chk                       cstackBANK0  003C
comandoRx@i                         cstackBANK0  003B
comandoRx@i_6106                    cstackBANK0  0033
comandoRx@i_6109                    cstackBANK0  0039
comandoRx@logsToSend                cstackBANK0  003D
comandoRx@numOfBytes                cstackBANK0  0035
comandoRx@readData                  cstackBANK0  002D
comandoRx@readData_6108             cstackBANK0  0030
eepromReadByte@addr                 cstackBANK0  0026
eepromReadByte@buff                 cstackBANK0  0028
eepromReadLog@addr                  cstackBANK0  0026
eepromReadLog@buff                  cstackBANK0  0028
eepromReadLogPage@addr              cstackBANK0  0026
eepromReadLogPage@buff              cstackBANK0  0028
eepromReadLogPage@i                 cstackBANK0  002A
eepromWriteByte@addr                cstackBANK0  0026
eepromWriteByte@data                cstackBANK0  0028
end_of_initialization               cinit        0DA7
halfclockdelay@downcount            cstackBANK0  0021
i1_memset                           text1035     0EE5
i1l5815                                              
i1l7526                                              
i1l7542                                              
i1l7546                                              
i1l7548                                              
i1l7550                                              
i1l7552                                              
i1l7556                                              
i1l7660                                              
i1l7666                                              
i1l7674                                              
i1l7676                                              
i1l7684                                              
i1l7686                                              
i1l7690                                              
i1l7692                                              
i1l7694                                              
i1l7698                                              
i1l7702                                              
i1l7710                                              
i1l7712                                              
i1l7714                                              
i1l7716                                              
i1l7718                                              
i1l7796                                              
i1l7800                                              
i1l937                                               
i1memset@c                          cstackCOMMON 0070
i1memset@n                          cstackCOMMON 0072
i1memset@p                          cstackCOMMON 0075
i1memset@p1                         cstackCOMMON 0074
i2cInitialize@feq_K                 cstackBANK0  0020
i2cRead@read_data                   cstackBANK0  0023
i2cRead@x                           cstackBANK0  0024
i2cWrite@ack                        cstackBANK0  0024
i2cWrite@data                       cstackBANK0  0023
i2cWrite@x                          cstackBANK0  0025
interrupt_function                  intentry     0004
intlevel0                           functab      0000
intlevel1                           functab      0000
intlevel2                           functab      0000
intlevel3                           functab      0000
intlevel4                           functab      0000
intlevel5                           functab      0000
l1877                                                
l1880                                                
l1883                                                
l1886                                                
l1889                                                
l1892                                                
l2827                                                
l2835                                                
l2838                                                
l2841                                                
l2844                                                
l2849                                                
l2854                                                
l2857                                                
l2860                                                
l2868                                                
l2873                                                
l3794                                                
l3797                                                
l3800                                                
l3806                                                
l3841                                                
l3847                                                
l3854                                                
l4882                                                
l4918                                                
l4921                                                
l4935                                                
l4950                                                
l4953                                                
l5809                                                
l5815                                                
l5827                                                
l5902                                                
l5984                                                
l6003                                                
l7502                                                
l7504                                                
l7506                                                
l7508                                                
l7510                                                
l7512                                                
l7514                                                
l7516                                                
l7518                                                
l7520                                                
l7522                                                
l7524                                                
l7534                                                
l7538                                                
l7558                                                
l7560                                                
l7572                                                
l7582                                                
l7584                                                
l7586                                                
l7588                                                
l7590                                                
l7592                                                
l7594                                                
l7596                                                
l7598                                                
l7600                                                
l7602                                                
l7604                                                
l7606                                                
l7608                                                
l7610                                                
l7612                                                
l7614                                                
l7616                                                
l7618                                                
l7620                                                
l7622                                                
l7624                                                
l7626                                                
l7628                                                
l7630                                                
l7650                                                
l7654                                                
l7656                                                
l7722                                                
l7730                                                
l7732                                                
l7738                                                
l7744                                                
l7750                                                
l7764                                                
l7770                                                
l7772                                                
l7782                                                
l7786                                                
l7790                                                
l7804                                                
l7808                                                
l7810                                                
l7814                                                
l7816                                                
l7818                                                
l7820                                                
l7822                                                
l7824                                                
l7826                                                
l7828                                                
l7830                                                
l7832                                                
l7834                                                
l7836                                                
l7838                                                
l7840                                                
l7842                                                
l7844                                                
l7846                                                
l7848                                                
l7850                                                
l7852                                                
l7854                                                
l7860                                                
l7862                                                
l7870                                                
l7878                                                
l7886                                                
l7888                                                
l7890                                                
l7894                                                
l7896                                                
l7900                                                
l7906                                                
l7908                                                
l7910                                                
l7912                                                
l7918                                                
l7920                                                
l7922                                                
l7924                                                
l7926                                                
l7928                                                
l7930                                                
l7932                                                
l7934                                                
l7936                                                
l7938                                                
l7940                                                
l7942                                                
l7944                                                
l7946                                                
l7948                                                
l7960                                                
l7962                                                
l7964                                                
l7966                                                
l7968                                                
l7970                                                
l7972                                                
l7974                                                
l7976                                                
l7978                                                
l7980                                                
l7982                                                
l7984                                                
l7986                                                
l7988                                                
l7990                                                
l7992                                                
l7994                                                
l7996                                                
l7998                                                
l8000                                                
l8002                                                
l8004                                                
l8006                                                
l8008                                                
l8010                                                
l8012                                                
l8014                                                
l8016                                                
l8018                                                
l8020                                                
l8024                                                
l8026                                                
l8028                                                
l8030                                                
l8032                                                
l8034                                                
l8036                                                
l8038                                                
l8040                                                
l8042                                                
l8044                                                
l8046                                                
l8048                                                
l8050                                                
l8052                                                
l8054                                                
l8056                                                
l8058                                                
l8060                                                
l8062                                                
l8064                                                
l8066                                                
l8068                                                
l8070                                                
l8072                                                
l8074                                                
l8076                                                
l8078                                                
l8080                                                
l8082                                                
l8084                                                
l8086                                                
l8088                                                
l8090                                                
l8092                                                
l8094                                                
l8096                                                
l8098                                                
l8100                                                
l8102                                                
l8104                                                
l8108                                                
l8110                                                
l8118                                                
l8124                                                
l8128                                                
l8132                                                
l8134                                                
l8136                                                
l8138                                                
l8140                                                
l8142                                                
l8144                                                
l8146                                                
l8148                                                
l8150                                                
l8152                                                
l8154                                                
l8156                                                
l8158                                                
l8160                                                
l8162                                                
l8164                                                
l8166                                                
l8168                                                
l8170                                                
l8172                                                
l8174                                                
l8176                                                
l8178                                                
l8180                                                
l8182                                                
l8184                                                
l8186                                                
l8188                                                
l8190                                                
l8192                                                
l8194                                                
l8196                                                
l8198                                                
l8204                                                
l8212                                                
l8214                                                
l8218                                                
l8220                                                
l8222                                                
l8224                                                
l8254                                                
l8256                                                
l8258                                                
l8260                                                
l8262                                                
l8264                                                
l8266                                                
l8268                                                
l8270                                                
l8272                                                
l8274                                                
l8276                                                
l8278                                                
l8280                                                
l8282                                                
l8284                                                
l8286                                                
l8288                                                
l8290                                                
l8292                                                
l8294                                                
l8296                                                
l8298                                                
l8300                                                
l8302                                                
l8304                                                
l8306                                                
l8308                                                
l8310                                                
l8312                                                
l8314                                                
l8316                                                
l8318                                                
l8322                                                
l8324                                                
l8326                                                
l8328                                                
l8330                                                
l8332                                                
l8334                                                
l8336                                                
l8338                                                
l8346                                                
l8348                                                
l8350                                                
l8352                                                
l8354                                                
l8356                                                
l8358                                                
l8360                                                
l8366                                                
l8368                                                
l8370                                                
l8372                                                
l8374                                                
l8376                                                
l8378                                                
l8386                                                
l8388                                                
l8392                                                
l8402                                                
l8412                                                
l8414                                                
l8416                                                
l8418                                                
l8420                                                
l8422                                                
l8424                                                
l8426                                                
l8428                                                
l8436                                                
l8442                                                
l8452                                                
l8454                                                
l8460                                                
l8462                                                
l8464                                                
l8470                                                
l8482                                                
l8484                                                
l8488                                                
l8490                                                
l8494                                                
l921                                                 
l927                                                 
l933                                                 
logSave@auxAddr                     cstackBANK0  0047
main@argc                           cstackBANK0  0049
main@argv                           cstackBANK0  004B
memcpy@d                            cstackBANK0  0025
memcpy@d1                           cstackBANK0  0024
memcpy@n                            cstackBANK0  0021
memcpy@s                            cstackBANK0  0026
memcpy@s1                           cstackBANK0  0020
memset@c                            cstackBANK0  0020
memset@n                            cstackBANK0  0022
memset@p                            cstackBANK0  0025
memset@p1                           cstackBANK0  0024
readTemp@aux                        cstackBANK0  0041
readTemp@aux2                       cstackBANK0  0040
readTemp@buff                       cstackBANK0  003A
reset_vec                           reset_vec    0000
resposta@i                          cstackBANK0  0021
saved_w                             (abs)        007E
scl_out@value                       cstackBANK0  0022
sda_out@value                       cstackBANK0  0022
start                               init         000D
start_initialization                cinit        0D7B
wtemp0                              (abs)        007E
